// Jest Snapshot v1, https://goo.gl/fbAQLP

exports[`day-O2 - part 1 should run 1`] = `undefined`;

exports[`day-O5 - part 1 should run 1`] = `undefined`;
