// Jest Snapshot v1, https://goo.gl/fbAQLP

exports[`day-O2 - part 2 should run 1`] = `28580`;

exports[`day-O3 - part 1 should run 1`] = `248`;
