// Jest Snapshot v1, https://goo.gl/fbAQLP

exports[`day-14 - part 1 should run 1`] = `741927`;

exports[`day-14 - part 2 should run 1`] = `500000000000`;
