// Jest Snapshot v1, https://goo.gl/fbAQLP

exports[`day-O2 - part 2 should run 1`] = `1111`;

exports[`day-O4 - part 1 should run 1`] = `"171309-643603"`;
