// Jest Snapshot v1, https://goo.gl/fbAQLP

exports[`day-10 - part 2 should run 1`] = `2253`;
